// Jest Snapshot v1, https://goo.gl/fbAQLP

exports[`renders correctly 1`] = `
<View
  style={
    Object {
      "alignItems": "center",
      "alignSelf": "center",
      "flex": 1,
    }
  }
  virtual={undefined}
/>
`;
