// Jest Snapshot v1, https://goo.gl/fbAQLP

exports[`renders correctly 1`] = `
<View
  style={
    Object {
      "flexDirection": "column",
      "position": "relative",
    }
  }
>
  <View>
    <View
      collapsable={undefined}
      onMoveShouldSetResponder={[Function]}
      onMoveShouldSetResponderCapture={[Function]}
      onResponderEnd={[Function]}
      onResponderGrant={[Function]}
      onResponderMove={[Function]}
      onResponderReject={[Function]}
      onResponderRelease={[Function]}
      onResponderStart={[Function]}
      onResponderTerminate={[Function]}
      onResponderTerminationRequest={[Function]}
      onStartShouldSetResponder={[Function]}
      onStartShouldSetResponderCapture={[Function]}
      style={
        Object {
          "left": 0,
          "opacity": 0.8,
          "position": "absolute",
          "right": 0,
          "top": 0,
          "transform": Array [
            Object {
              "scale": 0.8,
            },
          ],
        }
      }
    />
    <View
      collapsable={undefined}
      onMoveShouldSetResponder={[Function]}
      onMoveShouldSetResponderCapture={[Function]}
      onResponderEnd={[Function]}
      onResponderGrant={[Function]}
      onResponderMove={[Function]}
      onResponderReject={[Function]}
      onResponderRelease={[Function]}
      onResponderStart={[Function]}
      onResponderTerminate={[Function]}
      onResponderTerminationRequest={[Function]}
      onStartShouldSetResponder={[Function]}
      onStartShouldSetResponderCapture={[Function]}
      style={
        Object {
          "left": 0,
          "opacity": 1,
          "position": "absolute",
          "right": 0,
          "top": 0,
          "transform": Array [
            Object {
              "translateX": 0,
            },
            Object {
              "translateY": 0,
            },
            Object {
              "rotate": "0deg",
            },
          ],
        }
      }
    >
      <View
        style={
          Array [
            Object {
              "backgroundColor": "#fff",
              "borderBottomWidth": 0.5,
              "borderColor": "#ccc",
              "borderLeftWidth": 0.5,
              "borderRadius": 2,
              "borderRightWidth": 0.5,
              "borderTopWidth": 0.5,
              "elevation": 3,
              "flex": 1,
              "flexWrap": "nowrap",
              "marginBottom": 5,
              "marginLeft": 2,
              "marginRight": 2,
              "marginTop": 5,
              "shadowColor": "#000",
              "shadowOffset": Object {
                "height": 2,
                "width": 0,
              },
              "shadowOpacity": 0.1,
              "shadowRadius": 1.5,
            },
            Object {
              "elevation": 3,
            },
          ]
        }
        virtual={undefined}
      >
        <View
          style={
            Object {
              "alignItems": "center",
              "backgroundColor": "#fff",
              "borderRadius": 2,
              "flexDirection": "row",
              "paddingBottom": 10,
              "paddingLeft": 15,
              "paddingRight": 15,
              "paddingTop": 10,
            }
          }
          virtual={undefined}
        >
          <View
            style={
              Object {
                "alignItems": "center",
                "alignSelf": "center",
                "flex": 1,
                "flexDirection": "row",
              }
            }
            virtual={undefined}
          >
            <View
              style={
                Object {
                  "alignItems": null,
                  "alignSelf": "center",
                  "flex": 1,
                  "marginLeft": 10,
                }
              }
              virtual={undefined}
            >
              <Text
                accessible={true}
                allowFontScaling={true}
                ellipsizeMode="tail"
                style={
                  Object {
                    "color": "#000",
                    "fontFamily": "System",
                    "fontSize": 16,
                  }
                }
                uppercase={false}
                virtual={undefined}
              >
                Card One
              </Text>
              <Text
                accessible={true}
                allowFontScaling={true}
                ellipsizeMode="tail"
                note={true}
                style={
                  Object {
                    "color": "#808080",
                    "fontFamily": "System",
                    "fontSize": 14,
                    "fontWeight": "400",
                    "marginRight": 20,
                  }
                }
                uppercase={false}
                virtual={undefined}
              >
                NativeBase
              </Text>
            </View>
          </View>
        </View>
        <View
          cardBody={true}
          style={
            Object {
              "alignItems": "center",
              "backgroundColor": "#fff",
              "borderRadius": 2,
              "flexDirection": "row",
              "paddingBottom": -5,
              "paddingLeft": -5,
              "paddingRight": -5,
              "paddingTop": -5,
            }
          }
          virtual={undefined}
        >
          <Text
            accessible={true}
            allowFontScaling={true}
            ellipsizeMode="tail"
            style={
              Object {
                "color": "#000",
                "fontFamily": "System",
                "fontSize": 16,
                "marginTop": 5,
              }
            }
            uppercase={false}
            virtual={undefined}
          >
            dummy
          </Text>
        </View>
        <View
          style={
            Object {
              "alignItems": "center",
              "backgroundColor": "#fff",
              "borderRadius": 2,
              "flexDirection": "row",
              "paddingBottom": 10,
              "paddingLeft": 15,
              "paddingRight": 15,
              "paddingTop": 10,
            }
          }
          virtual={undefined}
        >
          <Text
            accessible={true}
            allowFontScaling={true}
            ellipsizeMode="tail"
            style={
              Object {
                "color": "#000",
                "fontFamily": "System",
                "fontSize": 16,
              }
            }
            uppercase={false}
            virtual={undefined}
          >
            One
          </Text>
        </View>
      </View>
    </View>
  </View>
</View>
`;
