// Jest Snapshot v1, https://goo.gl/fbAQLP

exports[`renders correctly 1`] = `
<TextInput
  allowFontScaling={true}
  editable={true}
  placeholderTextColor="#575757"
  style={
    Object {
      "color": "#000",
      "flex": 1,
      "fontSize": 17,
      "height": 50,
      "lineHeight": 24,
      "paddingLeft": 5,
      "paddingRight": 5,
    }
  }
  underlineColorAndroid="rgba(0,0,0,0)"
  virtual={undefined}
/>
`;
